# ДЗ4 | Файловые системы и LVM
**Задача:** 

на имеющемся образе [centos/7 1804.2](https://gitlab.com/otus_linux/stands-03-lvm)

- уменьшить том под / до 8G
- выделить том под /home
- выделить том под /var (/var - сделать в mirror)
- для /home - сделать том для снэпшотов
- прописать монтирование в fstab (попробовать с разными опциями и разными файловыми системами на выбор)
- Работа со снапшотами:- 
- сгенерировать файлы в /home/
- снять снэпшот
- удалить часть файлов
- восстановиться со снэпшота 
- (залоггировать работу можно утилитой script, скриншотами и т.п.)

Задание со звездочкой*
- на нашей куче дисков попробовать поставить btrfs/zfs:
- с кешем и снэпшотами
- разметить здесь каталог /opt

## Решение


Смотрим чего изначально происходит
```
[root@lvm vagrant]# pvs
  PV         VG         Fmt  Attr PSize   PFree
  /dev/sda3  VolGroup00 lvm2 a--  <38.97g    0 
[root@lvm vagrant]# vgs
  VG         #PV #LV #SN Attr   VSize   VFree
  VolGroup00   1   2   0 wz--n- <38.97g    0 
[root@lvm vagrant]# lvs
  LV       VG         Attr       LSize   Pool Origin Data%  Meta%  Move Log Cpy%Sync Convert
  LogVol00 VolGroup00 -wi-ao---- <37.47g                                                    
  LogVol01 VolGroup00 -wi-ao----   1.50g                                                    
[root@lvm vagrant]# lsblk 
NAME                    MAJ:MIN RM  SIZE RO TYPE MOUNTPOINT
sda                       8:0    0   40G  0 disk 
├─sda1                    8:1    0    1M  0 part 
├─sda2                    8:2    0    1G  0 part /boot
└─sda3                    8:3    0   39G  0 part 
  ├─VolGroup00-LogVol00 253:0    0 37.5G  0 lvm  /
  └─VolGroup00-LogVol01 253:1    0  1.5G  0 lvm  [SWAP]
sdb                       8:16   0   10G  0 disk 
sdc                       8:32   0    2G  0 disk 
sdd                       8:48   0    1G  0 disk 
sde                       8:64   0    1G  0 disk 

```
Пробуем сходу изменить размер lv и получаем потерю системы. Далее читаем методичку и делаем по ней:) 
```
[vagrant@lvm ~]$ sudo pvcreate  /dev/sdb
  Physical volume "/dev/sdb" successfully created.
[vagrant@lvm ~]$ sudo vgcreate  vg_task4 /dev/sdb
  Volume group "vg_task4" successfully created
[vagrant@lvm ~]$ sudo lvcreate -n lv_task4 -l +100%FREE /dev/vg_task4
  Logical volume "lv_task4" created.
[vagrant@lvm ~]$ sudo lvs
  LV       VG         Attr       LSize   Pool Origin Data%  Meta%  Move Log Cpy%Sync Convert
  LogVol00 VolGroup00 -wi-ao---- <37.47g                                                    
  LogVol01 VolGroup00 -wi-ao----   1.50g                                                    
  lv_task4 vg_task4   -wi-a----- <10.00g                                                    
[vagrant@lvm ~]$ sudo lvg
sudo: lvg: command not found
[vagrant@lvm ~]$ sudo vgs
  VG         #PV #LV #SN Attr   VSize   VFree
  VolGroup00   1   2   0 wz--n- <38.97g    0 
  vg_task4     1   1   0 wz--n- <10.00g    0 
[vagrant@lvm ~]$ sudo pvs
  PV         VG         Fmt  Attr PSize   PFree
  /dev/sda3  VolGroup00 lvm2 a--  <38.97g    0 
  /dev/sdb   vg_task4   lvm2 a--  <10.00g    0 
```

Чекаем тип фс 

```
[vagrant@lvm ~]$ mount | grep map
/dev/mapper/VolGroup00-LogVol00 on / type xfs (rw,relatime,seclabel,attr2,inode64,noquota)
```

Далее по методичке получаем
```
[vagrant@lvm ~]$ df -h | grep task
/dev/mapper/vg_task4-lv_task4     10G   33M   10G   1% /mnt/TEMP_for_task4
[vagrant@lvm ~]$ mount | grep task
/dev/mapper/vg_task4-lv_task4 on /mnt/TEMP_for_task4 type xfs (rw,relatime,seclabel,attr2,inode64,noquota)
```

Снимаем копию
```
[vagrant@lvm ~]$ sudo xfsdump -J - /dev/VolGroup00/LogVol00 | xfsrestore -J - /mnt/TEMP_for_task4
...
xfsrestore: Restore Status: SUCCESS
```

Монтируем и проваливаемся в нового рута
```
[root@lvm vagrant]# for i in /proc/ /sys/ /dev/ /run/ /boot/; do mount --bind $i /mnt/TEMP_for_task4/$i; done
[root@lvm vagrant]# chroot /mnt/TEMP_for_task4/


```

Правим initrd
```
[root@lvm /]# cd /boot ; for i in `ls initramfs-*img`; do dracut -v $i `echo $i|sed "s/initramfs-//g;
s/.img//g"` --force; done

```

Правим загрузчик, через конфиг, а не как предлагается в методичке
```
[root@lvm boot]# head /boot/grub2/grub.cfg 
#
# DO NOT EDIT THIS FILE
...


[root@lvm boot]# cat /etc/default/grub | grep task
GRUB_CMDLINE_LINUX="no_timer_check console=tty0 console=ttyS0,115200n8 net.ifnames=0 biosdevname=0 elevator=noop crashkernel=auto rd.lvm.lv=vg_task4/lv_task4 rd.lvm.lv=VolGroup00/LogVol01 rhgb quiet"
[root@lvm /]# grub2-mkconfig -o /boot/grub2/grub.cfg 
Generating grub configuration file ...
Found linux image: /boot/vmlinuz-3.10.0-862.2.3.el7.x86_64
Found initrd image: /boot/initramfs-3.10.0-862.2.3.el7.x86_64.img
done
[root@lvm boot]# cat /boot/grub2/grub.cfg | grep task
	linux16 /vmlinuz-3.10.0-862.2.3.el7.x86_64 root=/dev/mapper/vg_task4-lv_task4 ro no_timer_check console=tty0 console=ttyS0,115200n8 net.ifnames=0 biosdevname=0 elevator=noop crashkernel=auto rd.lvm.lv=VolGroup00/LogVol00 rd.lvm.lv=VolGroup00/LogVol01 rhgb quiet 

```

Грузимся

*p.s. в первый раз допустил ошибку (вероятно в загрузчике или initrd), поэтому названия vg lv могут отличаться от выводов выше*

```
lux@lab:~/OTUS_LINUX_PRO/Task_4$ vagrant ssh
Last login: Mon Dec 11 08:56:39 2023 from 10.0.2.2
[vagrant@lvm ~]$ lsblk 
NAME                    MAJ:MIN RM  SIZE RO TYPE MOUNTPOINT
sda                       8:0    0   40G  0 disk 
├─sda1                    8:1    0    1M  0 part 
├─sda2                    8:2    0    1G  0 part /boot
└─sda3                    8:3    0   39G  0 part 
  ├─VolGroup00-LogVol01 253:1    0  1.5G  0 lvm  [SWAP]
  └─VolGroup00-LogVol00 253:2    0 37.5G  0 lvm  
sdb                       8:16   0   10G  0 disk 
└─vg_task_4-lv_task4    253:0    0   10G  0 lvm  /
sdc                       8:32   0    2G  0 disk 
sdd                       8:48   0    1G  0 disk 
sde                       8:64   0    1G  0 disk 
```

XFS не может уменьшаться, поэтому для уменьшения "делаем заново"
```
[root@lvm vagrant]# lvremove /dev/VolGroup00/LogVol00
Do you really want to remove active logical volume VolGroup00/LogVol00? [y/n]: y
  Logical volume "LogVol00" successfully removed
[root@lvm vagrant]# 
[root@lvm vagrant]# lvcreate -n LogVol00 -L 8G /dev/VolGroup00
WARNING: xfs signature detected on /dev/VolGroup00/LogVol00 at offset 0. Wipe it? [y/n]: y
  Wiping xfs signature on /dev/VolGroup00/LogVol00.
  Logical volume "LogVol00" created.
[root@lvm vagrant]# mount /dev/VolGroup00/LogVol00  /mnt
[root@lvm vagrant]# xfsdump -J - /dev/vg_task_4/lv_task4 | xfsrestore -J - /mnt
...
xfsrestore: Restore Status: SUCCESS
[root@lvm vagrant]# for i in /proc/ /sys/ /dev/ /run/ /boot/; do mount --bind $i /mnt/$i; done
[root@lvm vagrant]# chroot /mnt/
[root@lvm /]# vi /etc/default/grub
[root@lvm /]# grub2-mkconfig -o /boot/grub2/grub.cfg
Generating grub configuration file ...
Found linux image: /boot/vmlinuz-3.10.0-862.2.3.el7.x86_64
Found initrd image: /boot/initramfs-3.10.0-862.2.3.el7.x86_64.img
done
[root@lvm /]# cat /boot/grub2/grub.cfg | grep task
[root@lvm /]# cat /boot/grub2/grub.cfg | grep Log
	linux16 /vmlinuz-3.10.0-862.2.3.el7.x86_64 root=/dev/mapper/VolGroup00-LogVol00 ro no_timer_check console=tty0 console=ttyS0,115200n8 net.ifnames=0 biosdevname=0 elevator=noop crashkernel=auto rd.lvm.lv=VolGroup00/LogVol00 rd.lvm.lv=VolGroup00/LogVol01 rhgb quiet 
[root@lvm /]# cd /boot ; for i in `ls initramfs-*img`; do dracut -v $i `echo $i|sed "s/initramfs-//g;
s/.img//g"` --force; done
```

выделить том под /var (/var - сделать в mirror)
```
[root@lvm boot]# pvcreate /dev/sdc /dev/sdd
  Physical volume "/dev/sdc" successfully created.
  Physical volume "/dev/sdd" successfully created.
[root@lvm boot]# vgcreate vg_var /dev/sdc /dev/sdd
  Volume group "vg_var" successfully created
[root@lvm boot]# lvcreate -L 950M -m1 -n lv_var vg_var
  Rounding up size to full physical extent 952.00 MiB
  Logical volume "lv_var" created.
[root@lvm boot]# mkfs.ext4 /dev/vg_var/lv_var
mke2fs 1.42.9 (28-Dec-2013)
Filesystem label=
OS type: Linux
Block size=4096 (log=2)
Fragment size=4096 (log=2)
Stride=0 blocks, Stripe width=0 blocks
60928 inodes, 243712 blocks
12185 blocks (5.00%) reserved for the super user
First data block=0
Maximum filesystem blocks=249561088
8 block groups
32768 blocks per group, 32768 fragments per group
7616 inodes per group
Superblock backups stored on blocks: 
	32768, 98304, 163840, 229376

Allocating group tables: done                            
Writing inode tables: done                            
Creating journal (4096 blocks): done
Writing superblocks and filesystem accounting information: done

[root@lvm boot]# mount /dev/vg_var/lv_var /mnt
[root@lvm boot]# cp -aR /var/* /mnt/
[root@lvm boot]# mkdir /tmp/oldvar && mv /var/* /tmp/oldvar
[root@lvm boot]# umount /mnt
[root@lvm boot]# mount /dev/vg_var/lv_var /var/
[root@lvm boot]# echo "`blkid | grep var: | awk '{print $2}'` /var ext4 defaults 0 0" >> /etc/fstab

```

Грузимся
```
[vagrant@lvm ~]$ lsblk 
NAME                     MAJ:MIN RM  SIZE RO TYPE MOUNTPOINT
sda                        8:0    0   40G  0 disk 
├─sda1                     8:1    0    1M  0 part 
├─sda2                     8:2    0    1G  0 part /boot
└─sda3                     8:3    0   39G  0 part 
  ├─VolGroup00-LogVol00  253:0    0    8G  0 lvm  /
  └─VolGroup00-LogVol01  253:1    0  1.5G  0 lvm  [SWAP]
sdb                        8:16   0   10G  0 disk 
└─vg_task_4-lv_task4     253:7    0   10G  0 lvm  
sdc                        8:32   0    2G  0 disk 
├─vg_var-lv_var_rmeta_0  253:2    0    4M  0 lvm  
│ └─vg_var-lv_var        253:6    0  952M  0 lvm  /var
└─vg_var-lv_var_rimage_0 253:3    0  952M  0 lvm  
  └─vg_var-lv_var        253:6    0  952M  0 lvm  /var
sdd                        8:48   0    1G  0 disk 
├─vg_var-lv_var_rmeta_1  253:4    0    4M  0 lvm  
│ └─vg_var-lv_var        253:6    0  952M  0 lvm  /var
└─vg_var-lv_var_rimage_1 253:5    0  952M  0 lvm  
  └─vg_var-lv_var        253:6    0  952M  0 lvm  /var
sde                        8:64   0    1G  0 disk 
[vagrant@lvm ~]$ df -h
Filesystem                       Size  Used Avail Use% Mounted on
/dev/mapper/VolGroup00-LogVol00  8.0G  877M  7.2G  11% /
devtmpfs                         110M     0  110M   0% /dev
tmpfs                            118M     0  118M   0% /dev/shm
tmpfs                            118M  4.5M  114M   4% /run
tmpfs                            118M     0  118M   0% /sys/fs/cgroup
/dev/sda2                       1014M   61M  954M   6% /boot
/dev/mapper/vg_var-lv_var        922M  252M  607M  30% /var

```


home

```
[vagrant@lvm ~]$ sudo lvcreate -n LogVol_Home -L 2G /dev/VolGroup00
  Logical volume "LogVol_Home" created.
[vagrant@lvm ~]$ sudo mkfs.xfs /dev/VolGroup00/LogVol_Home
meta-data=/dev/VolGroup00/LogVol_Home isize=512    agcount=4, agsize=131072 blks
         =                       sectsz=512   attr=2, projid32bit=1
         =                       crc=1        finobt=0, sparse=0
data     =                       bsize=4096   blocks=524288, imaxpct=25
         =                       sunit=0      swidth=0 blks
naming   =version 2              bsize=4096   ascii-ci=0 ftype=1
log      =internal log           bsize=4096   blocks=2560, version=2
         =                       sectsz=512   sunit=0 blks, lazy-count=1
realtime =none                   extsz=4096   blocks=0, rtextents=0
[vagrant@lvm ~]$ sudo mount /dev/VolGroup00/LogVol_Home /mnt/
[vagrant@lvm ~]$ sudo cp -aR /home/* /mnt/
[vagrant@lvm ~]$ sudo rm -rf /home/*
[vagrant@lvm ~]$ sudo umount /mnt
[vagrant@lvm ~]$ sudo mount /dev/VolGroup00/LogVol_Home /home/
[root@lvm /]# echo "`blkid | grep Home | awk '{print $2}'` /home xfs defaults 0 0" >> /etc/fstab
root@lvm /]# touch /home/file{1..20}
[root@lvm /]# ls /home/
file1  file10  file11  file12  file13  file14  file15  file16  file17  file18  file19  file2  file20  file3  file4  file5  file6  file7  file8  file9  vagrant

```

снепшот home 


```
lvcreate -L 100MB -s -n home_snap /dev/VolGroup00/LogVol_Home
root@lvm /]# lvs
  LV          VG         Attr       LSize   Pool Origin      Data%  Meta%  Move Log Cpy%Sync Convert
  LogVol00    VolGroup00 -wi-ao----   8.00g                                                         
  LogVol01    VolGroup00 -wi-ao----   1.50g                                                         
  LogVol_Home VolGroup00 owi-aos---   2.00g                                                         
  home_snap   VolGroup00 swi-a-s--- 128.00m      LogVol_Home 0.01                                   
  lv_task4    vg_task_4  -wi-a----- <10.00g                                                         
  lv_var      vg_var     rwi-aor--- 952.00m                                         100.00       
```
Удаляем часть файлов
```
[root@lvm /]# sudo rm /home/file{1..10}
[root@lvm /]# lvs
  LV          VG         Attr       LSize   Pool Origin      Data%  Meta%  Move Log Cpy%Sync Convert
  LogVol00    VolGroup00 -wi-ao----   8.00g                                                         
  LogVol01    VolGroup00 -wi-ao----   1.50g                                                         
  LogVol_Home VolGroup00 owi-aos---   2.00g                                                         
  home_snap   VolGroup00 swi-a-s--- 128.00m      LogVol_Home 0.02                                   
  lv_task4    vg_task_4  -wi-a----- <10.00g                                                         
  lv_var      vg_var     rwi-aor--- 952.00m                                         100.00    
[root@lvm /]# ls /home/
file11  file13  file14  file16  file17  file18  file19  file20  vagrant

```

Восстанавливаем
```
[root@lvm /]# umount /home
[root@lvm /]# lvconvert --merge /dev/VolGroup00/home_snap
  Merging of volume VolGroup00/home_snap started.
  VolGroup00/LogVol_Home: Merged: 100.00%
[root@lvm /]# mount /home
[root@lvm /]# ls /home/
file1  file10  file11  file12  file13  file14  file15  file16  file17  file18  file19  file2  file20  file3  file4  file5  file6  file7  file8  file9  vagrant
```


